A{6,0}
A.int_basis[0]: 7
A.int_basis[1]: 11
A.int_basis[2]: 13
A.int_basis[3]: 14
A.int_basis[4]: 19
A.int_basis[5]: 21
A.int_basis[6]: 22
A.int_basis[7]: 25
A.int_basis[8]: 26
A.int_basis[9]: 28
A.int_basis[10]: 35
A.int_basis[11]: 37
A.int_basis[12]: 38
A.int_basis[13]: 41
A.int_basis[14]: 42
A.int_basis[15]: 44
A.int_basis[16]: 49
A.int_basis[17]: 50
A.int_basis[18]: 52
A.int_basis[19]: 56
